PowerShell 7.6.0-preview.4
PS C:\Users\kushal> $env:DOTNET_CLI_TELEMETRY_OPTOUT='1';cd "C:\code\wyoming\"; date; cd "C:\code\wyoming\src\dotnet\"; date; dotnet clean; date; dotnet build; date; cd "C:\code\wyoming\src\mydotnet\"; date; dotnet clean; date; dotnet build; date; cd "C:\code\wyoming\src\WyomingDotNet\"; date; dotnet clean; date; dotnet build; date; cd "C:\code\wyoming\src\public-website\"; date; yarn; date; cd "C:\code\wyoming\";git status; date; git remote show origin; date; git add .; git commit --message "add all changes" --message "this is a bad commit message, isn't it?"; date; git pull --rebase --strategy-option=ours; date; gitpush origin master; date; cd "C:\Code\wyoming\src\dotnet10preview4\single"; ls; cat app.cs; dotnet --info; Get-Date -Format "yyyy-MM-dd HH:mm:ss"; dotnet run app.cs; Get-Date -Format "yyyy-MM-dd HH:mm:ss";

Friday, May 30, 2025 6:29:20 AM
Friday, May 30, 2025 6:29:20 AM
MSBUILD : error MSB1003: Specify a project or solution file. The current working directory does not contain a project or solution file.
Friday, May 30, 2025 6:29:21 AM
MSBUILD : error MSB1003: Specify a project or solution file. The current working directory does not contain a project or solution file.
Friday, May 30, 2025 6:29:22 AM
Friday, May 30, 2025 6:29:22 AM
MSBUILD : error MSB1003: Specify a project or solution file. The current working directory does not contain a project or solution file.
Friday, May 30, 2025 6:29:22 AM
MSBUILD : error MSB1003: Specify a project or solution file. The current working directory does not contain a project or solution file.
Friday, May 30, 2025 6:29:23 AM
Friday, May 30, 2025 6:29:23 AM
MSBUILD : error MSB1003: Specify a project or solution file. The current working directory does not contain a project or solution file.
Friday, May 30, 2025 6:29:24 AM
MSBUILD : error MSB1003: Specify a project or solution file. The current working directory does not contain a project or solution file.
Friday, May 30, 2025 6:29:24 AM
Friday, May 30, 2025 6:29:24 AM
yarn install v1.22.22
[1/4] Resolving packages...
success Already up-to-date.
Done in 0.34s.
Friday, May 30, 2025 6:29:25 AM
On branch dotnet10preview4
Changes not staged for commit:
  (use "git add <file>..." to update what will be committed)
  (use "git restore <file>..." to discard changes in working directory)
        modified:   PowerShell.txt

Untracked files:
  (use "git add <file>..." to include in what will be committed)
        src/dotnet10preview4/

no changes added to commit (use "git add" and/or "git commit -a")
Friday, May 30, 2025 6:29:25 AM
* remote origin
  Fetch URL: git@gitlab.com:wyoming/wyoming.gitlab.io.git
  Push  URL: git@github.com:onewyoming/onewyoming.git
  Push  URL: git@gitlab.com:wyoming/wyoming.gitlab.io.git
  HEAD branch: master
  Remote branch:
    master tracked
  Local branch configured for 'git pull':
    master merges with remote master
  Local ref configured for 'git push':
    master pushes to master (up to date)
Friday, May 30, 2025 6:29:26 AM
[dotnet10preview4 1c279d1] add all changes
 2 files changed, 543 insertions(+), 14 deletions(-)
 create mode 100644 src/dotnet10preview4/single/app.cs
Friday, May 30, 2025 6:29:27 AM
There is no tracking information for the current branch.
Please specify which branch you want to rebase against.
See git-pull(1) for details.

    git pull <remote> <branch>

If you wish to set tracking information for this branch you can do so with:

    git branch --set-upstream-to=origin/<branch> dotnet10preview4

Friday, May 30, 2025 6:29:28 AM
Everything up-to-date
Everything up-to-date
Friday, May 30, 2025 6:29:30 AM

LastWriteTime : 5/30/2025 6:23:22 AM
Length        : 242
Name          : app.cs

#:package Humanizer@2.14.1

using Humanizer;

var dotNet9Released = DateTimeOffset.Parse("2024-12-03");
var since = DateTimeOffset.Now - dotNet9Released;

Console.WriteLine($"It has been {since.Humanize()} since .NET 9 was released.");
.NET SDK:
 Version:           10.0.100-preview.4.25258.110
 Commit:            c22dcd0c7a
 Workload version:  10.0.100-manifests.e9b6aa6e
 MSBuild version:   17.15.0-preview-25258-110+c22dcd0c7

Runtime Environment:
 OS Name:     Windows
 OS Version:  10.0.26100
 OS Platform: Windows
 RID:         win-x64
 Base Path:   C:\Program Files\dotnet\sdk\10.0.100-preview.4.25258.110\

.NET workloads installed:
 [aspire]
   Installation Source: VS 17.14.36127.28
   Manifest Version:    8.2.2/8.0.100
   Manifest Path:       C:\Program Files\dotnet\sdk-manifests\8.0.100\microsoft.net.sdk.aspire\8.2.2\WorkloadManifest.json
   Install Type:              Msi

Configured to use workload sets when installing new manifests.
Workloads are configured to install and update using workload versions, but none were found. Run "dotnet workload restore" to install a workload version.

Host:
  Version:      10.0.0-preview.4.25258.110
  Architecture: x64
  Commit:       c22dcd0c7a

.NET SDKs installed:
  9.0.100 [C:\Program Files\dotnet\sdk]
  9.0.300 [C:\Program Files\dotnet\sdk]
  10.0.100-preview.4.25258.110 [C:\Program Files\dotnet\sdk]

.NET runtimes installed:
  Microsoft.AspNetCore.App 8.0.16 [C:\Program Files\dotnet\shared\Microsoft.AspNetCore.App]
  Microsoft.AspNetCore.App 9.0.0 [C:\Program Files\dotnet\shared\Microsoft.AspNetCore.App]
  Microsoft.AspNetCore.App 9.0.5 [C:\Program Files\dotnet\shared\Microsoft.AspNetCore.App]
  Microsoft.AspNetCore.App 10.0.0-preview.4.25258.110 [C:\Program Files\dotnet\shared\Microsoft.AspNetCore.App]
  Microsoft.NETCore.App 8.0.16 [C:\Program Files\dotnet\shared\Microsoft.NETCore.App]
  Microsoft.NETCore.App 9.0.0 [C:\Program Files\dotnet\shared\Microsoft.NETCore.App]
  Microsoft.NETCore.App 9.0.5 [C:\Program Files\dotnet\shared\Microsoft.NETCore.App]
  Microsoft.NETCore.App 10.0.0-preview.4.25258.110 [C:\Program Files\dotnet\shared\Microsoft.NETCore.App]
  Microsoft.WindowsDesktop.App 8.0.16 [C:\Program Files\dotnet\shared\Microsoft.WindowsDesktop.App]
  Microsoft.WindowsDesktop.App 9.0.0 [C:\Program Files\dotnet\shared\Microsoft.WindowsDesktop.App]
  Microsoft.WindowsDesktop.App 9.0.5 [C:\Program Files\dotnet\shared\Microsoft.WindowsDesktop.App]
  Microsoft.WindowsDesktop.App 10.0.0-preview.4.25258.110 [C:\Program Files\dotnet\shared\Microsoft.WindowsDesktop.App]

Other architectures found:
  x86   [C:\Program Files (x86)\dotnet]
    registered at [HKLM\SOFTWARE\dotnet\Setup\InstalledVersions\x86\InstallLocation]

Environment variables:
  Not set

global.json file:
  Not found

Learn more:
  https://aka.ms/dotnet/info

Download .NET:
  https://aka.ms/dotnet/download
2025-05-30 06:29:31
It has been 25 weeks since .NET 9 was released.
2025-05-30 06:29:34

PS C:\code\wyoming\src\dotnet10preview4\single>
PS C:\code\wyoming\src\dotnet10preview4\single> cd "C:\Code\wyoming\src\dotnet10preview4\single"; ls; cat app.cs; dotnet --info; Get-Date -Format "yyyy-MM-dd HH:mm:ss"; dotnet run app.cs; Get-Date -Format "yyyy-MM-dd HH:mm:ss";

    Directory: C:\code\wyoming\src\dotnet10preview4\single

Mode                 LastWriteTime         Length Name
----                 -------------         ------ ----
-a---           5/30/2025  6:23 AM            242 app.cs
#:package Humanizer@2.14.1

using Humanizer;

var dotNet9Released = DateTimeOffset.Parse("2024-12-03");
var since = DateTimeOffset.Now - dotNet9Released;

Console.WriteLine($"It has been {since.Humanize()} since .NET 9 was released.");
.NET SDK:
 Version:           10.0.100-preview.4.25258.110
 Commit:            c22dcd0c7a
 Workload version:  10.0.100-manifests.e9b6aa6e
 MSBuild version:   17.15.0-preview-25258-110+c22dcd0c7

Runtime Environment:
 OS Name:     Windows
 OS Version:  10.0.26100
 OS Platform: Windows
 RID:         win-x64
 Base Path:   C:\Program Files\dotnet\sdk\10.0.100-preview.4.25258.110\

.NET workloads installed:
 [aspire]
   Installation Source: VS 17.14.36127.28
   Manifest Version:    8.2.2/8.0.100
   Manifest Path:       C:\Program Files\dotnet\sdk-manifests\8.0.100\microsoft.net.sdk.aspire\8.2.2\WorkloadManifest.json
   Install Type:              Msi

Configured to use workload sets when installing new manifests.
Workloads are configured to install and update using workload versions, but none were found. Run "dotnet workload restore" to install a workload version.

Host:
  Version:      10.0.0-preview.4.25258.110
  Architecture: x64
  Commit:       c22dcd0c7a

.NET SDKs installed:
  9.0.100 [C:\Program Files\dotnet\sdk]
  9.0.300 [C:\Program Files\dotnet\sdk]
  10.0.100-preview.4.25258.110 [C:\Program Files\dotnet\sdk]

.NET runtimes installed:
  Microsoft.AspNetCore.App 8.0.16 [C:\Program Files\dotnet\shared\Microsoft.AspNetCore.App]
  Microsoft.AspNetCore.App 9.0.0 [C:\Program Files\dotnet\shared\Microsoft.AspNetCore.App]
  Microsoft.AspNetCore.App 9.0.5 [C:\Program Files\dotnet\shared\Microsoft.AspNetCore.App]
  Microsoft.AspNetCore.App 10.0.0-preview.4.25258.110 [C:\Program Files\dotnet\shared\Microsoft.AspNetCore.App]
  Microsoft.NETCore.App 8.0.16 [C:\Program Files\dotnet\shared\Microsoft.NETCore.App]
  Microsoft.NETCore.App 9.0.0 [C:\Program Files\dotnet\shared\Microsoft.NETCore.App]
  Microsoft.NETCore.App 9.0.5 [C:\Program Files\dotnet\shared\Microsoft.NETCore.App]
  Microsoft.NETCore.App 10.0.0-preview.4.25258.110 [C:\Program Files\dotnet\shared\Microsoft.NETCore.App]
  Microsoft.WindowsDesktop.App 8.0.16 [C:\Program Files\dotnet\shared\Microsoft.WindowsDesktop.App]
  Microsoft.WindowsDesktop.App 9.0.0 [C:\Program Files\dotnet\shared\Microsoft.WindowsDesktop.App]
  Microsoft.WindowsDesktop.App 9.0.5 [C:\Program Files\dotnet\shared\Microsoft.WindowsDesktop.App]
  Microsoft.WindowsDesktop.App 10.0.0-preview.4.25258.110 [C:\Program Files\dotnet\shared\Microsoft.WindowsDesktop.App]

Other architectures found:
  x86   [C:\Program Files (x86)\dotnet]
    registered at [HKLM\SOFTWARE\dotnet\Setup\InstalledVersions\x86\InstallLocation]

Environment variables:
  Not set

global.json file:
  Not found

Learn more:
  https://aka.ms/dotnet/info

Download .NET:
  https://aka.ms/dotnet/download
2025-05-30 06:29:43
It has been 25 weeks since .NET 9 was released.
2025-05-30 06:29:46

PS C:\code\wyoming\src\dotnet10preview4\single>
PS C:\code\wyoming\src\dotnet10preview4\single> cd "C:\Code\wyoming\src\dotnet10preview4\single"; pwd > "C:\code\wyoming\src\dotnet10preview4\single\powershell.txt"; ls >> "C:\code\wyoming\src\dotnet10preview4\single\powershell.txt"; cat app.cs >> "C:\code\wyoming\src\dotnet10preview4\single\powershell.txt"; dotnet --info >> "C:\code\wyoming\src\dotnet10preview4\single\powershell.txt"; Get-Date -Format "yyyy-MM-ddHH:mm:ss" >> "C:\code\wyoming\src\dotnet10preview4\single\powershell.txt"; dotnet run app.cs >> "C:\code\wyoming\src\dotnet10preview4\single\powershell.txt"; Get-Date -Format "yyyy-MM-dd HH:mm:ss" >> "C:\code\wyoming\src\dotnet10preview4\single\powershell.txt"; cd "C:\code\wyoming\"; git status; Get-Date -Format "yyyy-MM-dd HH:mm:ss"; git remote show origin; Get-Date -Format "yyyy-MM-dd HH:mm:ss"; git add .; git commit --message "add all changes" --message "this is a bad commit message, isn't it?"; Get-Date -Format "yyyy-MM-dd HH:mm:ss"; git pull --rebase --strategy-option=ours; Get-Date -Format "yyyy-MM-dd HH:mm:ss"; git push origin master; Get-Date -Format "yyyy-MM-dd HH:mm:ss";
On branch dotnet10preview4
Changes not staged for commit:
  (use "git add <file>..." to update what will be committed)
  (use "git restore <file>..." to discard changes in working directory)
        modified:   PowerShell.txt

Untracked files:
  (use "git add <file>..." to include in what will be committed)
        src/dotnet10preview4/single/powershell.txt

no changes added to commit (use "git add" and/or "git commit -a")
2025-05-30 06:32:57
* remote origin
  Fetch URL: git@gitlab.com:wyoming/wyoming.gitlab.io.git
  Push  URL: git@github.com:onewyoming/onewyoming.git
  Push  URL: git@gitlab.com:wyoming/wyoming.gitlab.io.git
  HEAD branch: master
  Remote branch:
    master tracked
  Local branch configured for 'git pull':
    master merges with remote master
  Local ref configured for 'git push':
    master pushes to master (up to date)
2025-05-30 06:32:58
[dotnet10preview4 5aae46e] add all changes
 2 files changed, 135 insertions(+), 355 deletions(-)
 create mode 100644 src/dotnet10preview4/single/powershell.txt
2025-05-30 06:32:58
There is no tracking information for the current branch.
Please specify which branch you want to rebase against.
See git-pull(1) for details.

    git pull <remote> <branch>

If you wish to set tracking information for this branch you can do so with:

    git branch --set-upstream-to=origin/<branch> dotnet10preview4

2025-05-30 06:33:00
Everything up-to-date
Everything up-to-date
2025-05-30 06:33:01
PS C:\code\wyoming> git push origin dotnet10preview4
Enumerating objects: 17, done.
Counting objects: 100% (17/17), done.
Delta compression using up to 10 threads
Compressing objects: 100% (11/11), done.
Writing objects: 100% (14/14), 6.52 KiB | 607.00 KiB/s, done.
Total 14 (delta 5), reused 0 (delta 0), pack-reused 0 (from 0)
remote: Resolving deltas: 100% (5/5), completed with 1 local object.
remote:
remote: Create a pull request for 'dotnet10preview4' on GitHub by visiting:
remote:      https://github.com/onewyoming/onewyoming/pull/new/dotnet10preview4
remote:
remote: GitHub found 7 vulnerabilities on onewyoming/onewyoming's default branch (2 critical, 5 moderate). To find out more, visit:
remote:      https://github.com/onewyoming/onewyoming/security/dependabot
remote:
To github.com:onewyoming/onewyoming.git
 * [new branch]      dotnet10preview4 -> dotnet10preview4
Enumerating objects: 17, done.
Counting objects: 100% (17/17), done.
Delta compression using up to 10 threads
Compressing objects: 100% (11/11), done.
Writing objects: 100% (14/14), 6.52 KiB | 667.00 KiB/s, done.
Total 14 (delta 5), reused 0 (delta 0), pack-reused 0 (from 0)
remote:
remote: To create a merge request for dotnet10preview4, visit:
remote:   https://gitlab.com/wyoming/wyoming.gitlab.io/-/merge_requests/new?merge_request%5Bsource_branch%5D=dotnet10preview4
remote:
To gitlab.com:wyoming/wyoming.gitlab.io.git
 * [new branch]      dotnet10preview4 -> dotnet10preview4
PS C:\code\wyoming> cd "C:\Code\wyoming\src\dotnet10preview4\single"; pwd > "C:\code\wyoming\src\dotnet10preview4\single\powershell.txt"; ls >> "C:\code\wyoming\src\dotnet10preview4\single\powershell.txt"; cat app.cs >> "C:\code\wyoming\src\dotnet10preview4\single\powershell.txt"; dotnet --info >> "C:\code\wyoming\src\dotnet10preview4\single\powershell.txt"; Get-Date -Format "yyyy-MM-dd HH:mm:ss" >> "C:\code\wyoming\src\dotnet10preview4\single\powershell.txt"; dotnet run app.cs >> "C:\code\wyoming\src\dotnet10preview4\single\powershell.txt"; Get-Date -Format "yyyy-MM-dd HH:mm:ss" >> "C:\code\wyoming\src\dotnet10preview4\single\powershell.txt"; cd "C:\code\wyoming\"; git status; Get-Date -Format "yyyy-MM-dd HH:mm:ss"; git remote show origin; Get-Date -Format "yyyy-MM-dd HH:mm:ss"; git add .; git commit --message "add all changes" --message "this is a bad commit message, isn't it?"; Get-Date -Format "yyyy-MM-dd HH:mm:ss"; git pull --rebase --strategy-option=ours; Get-Date -Format "yyyy-MM-dd HH:mm:ss"; git push origin master; Get-Date -Format "yyyy-MM-dd HH:mm:ss";
On branch dotnet10preview4
Changes not staged for commit:
  (use "git add <file>..." to update what will be committed)
  (use "git restore <file>..." to discard changes in working directory)
        modified:   PowerShell.txt
        modified:   src/dotnet10preview4/single/powershell.txt

no changes added to commit (use "git add" and/or "git commit -a")
2025-05-30 06:34:11
* remote origin
  Fetch URL: git@gitlab.com:wyoming/wyoming.gitlab.io.git
  Push  URL: git@github.com:onewyoming/onewyoming.git
  Push  URL: git@gitlab.com:wyoming/wyoming.gitlab.io.git
  HEAD branch: master
  Remote branches:
    dotnet10preview4 tracked
    master           tracked
  Local branch configured for 'git pull':
    master merges with remote master
  Local refs configured for 'git push':
    dotnet10preview4 pushes to dotnet10preview4 (up to date)
    master           pushes to master           (up to date)
2025-05-30 06:34:12
[dotnet10preview4 5baf1e4] add all changes
 2 files changed, 75 insertions(+), 3 deletions(-)
2025-05-30 06:34:13
There is no tracking information for the current branch.
Please specify which branch you want to rebase against.
See git-pull(1) for details.

    git pull <remote> <branch>

If you wish to set tracking information for this branch you can do so with:

    git branch --set-upstream-to=origin/<branch> dotnet10preview4

2025-05-30 06:34:14
Everything up-to-date
Everything up-to-date
2025-05-30 06:34:15
PS C:\code\wyoming>
PS C:\code\wyoming> cd "C:\Code\wyoming\src\dotnet10preview4\single"; pwd > "C:\code\wyoming\src\dotnet10preview4\single\powershell.txt"; ls >> "C:\code\wyoming\src\dotnet10preview4\single\powershell.txt"; cat app.cs >> "C:\code\wyoming\src\dotnet10preview4\single\powershell.txt"; dotnet --info >> "C:\code\wyoming\src\dotnet10preview4\single\powershell.txt"; Get-Date -Format "yyyy-MM-dd HH:mm:ss" >> "C:\code\wyoming\src\dotnet10preview4\single\powershell.txt"; dotnet run app.cs >> "C:\code\wyoming\src\dotnet10preview4\single\powershell.txt"; Get-Date -Format "yyyy-MM-dd HH:mm:ss" >> "C:\code\wyoming\src\dotnet10preview4\single\powershell.txt"; cd "C:\code\wyoming\"; git status; Get-Date -Format "yyyy-MM-dd HH:mm:ss"; git remote show origin; Get-Date -Format "yyyy-MM-dd HH:mm:ss"; git add .; git commit --message "add all changes" --message "this is a bad commit message, isn't it?"; Get-Date -Format "yyyy-MM-dd HH:mm:ss"; git pull --rebase --strategy-option=ours; Get-Date -Format "yyyy-MM-dd HH:mm:ss"; git push origin master; Get-Date -Format "yyyy-MM-dd HH:mm:ss";

The build failed. Fix the build errors and run again.
On branch dotnet10preview4
Changes not staged for commit:
  (use "git add <file>..." to update what will be committed)
  (use "git restore <file>..." to discard changes in working directory)
        modified:   src/dotnet10preview4/single/app.cs
        modified:   src/dotnet10preview4/single/powershell.txt

no changes added to commit (use "git add" and/or "git commit -a")
2025-05-30 06:43:07
* remote origin
  Fetch URL: git@gitlab.com:wyoming/wyoming.gitlab.io.git
  Push  URL: git@github.com:onewyoming/onewyoming.git
  Push  URL: git@gitlab.com:wyoming/wyoming.gitlab.io.git
  HEAD branch: master
  Remote branches:
    dotnet10preview4 tracked
    master           tracked
  Local branch configured for 'git pull':
    master merges with remote master
  Local refs configured for 'git push':
    dotnet10preview4 pushes to dotnet10preview4 (fast-forwardable)
    master           pushes to master           (up to date)
2025-05-30 06:43:08
[dotnet10preview4 82de6d8] add all changes
 2 files changed, 284 insertions(+), 19 deletions(-)
2025-05-30 06:43:09
There is no tracking information for the current branch.
Please specify which branch you want to rebase against.
See git-pull(1) for details.

    git pull <remote> <branch>

If you wish to set tracking information for this branch you can do so with:

    git branch --set-upstream-to=origin/<branch> dotnet10preview4

2025-05-30 06:43:10
Everything up-to-date
Everything up-to-date
2025-05-30 06:43:11
PS C:\code\wyoming> cd "C:\Code\wyoming\src\dotnet10preview4\single"; pwd > "C:\code\wyoming\src\dotnet10preview4\single\powershell.txt"; ls >> "C:\code\wyoming\src\dotnet10preview4\single\powershell.txt"; cat app.cs >> "C:\code\wyoming\src\dotnet10preview4\single\powershell.txt"; dotnet --info >> "C:\code\wyoming\src\dotnet10preview4\single\powershell.txt"; Get-Date -Format "yyyy-MM-dd HH:mm:ss" >> "C:\code\wyoming\src\dotnet10preview4\single\powershell.txt"; dotnet run app.cs >> "C:\code\wyoming\src\dotnet10preview4\single\powershell.txt"; Get-Date -Format "yyyy-MM-dd HH:mm:ss" >> "C:\code\wyoming\src\dotnet10preview4\single\powershell.txt"; cd "C:\code\wyoming\"; git status; Get-Date -Format "yyyy-MM-dd HH:mm:ss"; git remote show origin; Get-Date -Format "yyyy-MM-dd HH:mm:ss"; git add .; git commit --message "add all changes" --message "this is a bad commit message, isn't it?"; Get-Date -Format "yyyy-MM-dd HH:mm:ss"; git pull --rebase --strategy-option=ours; Get-Date -Format "yyyy-MM-dd HH:mm:ss"; git push origin master; Get-Date -Format "yyyy-MM-dd HH:mm:ss";
On branch dotnet10preview4
Changes not staged for commit:
  (use "git add <file>..." to update what will be committed)
  (use "git restore <file>..." to discard changes in working directory)
        modified:   src/dotnet10preview4/single/app.cs
        modified:   src/dotnet10preview4/single/powershell.txt

no changes added to commit (use "git add" and/or "git commit -a")
2025-05-30 06:44:54
* remote origin
  Fetch URL: git@gitlab.com:wyoming/wyoming.gitlab.io.git
  Push  URL: git@github.com:onewyoming/onewyoming.git
  Push  URL: git@gitlab.com:wyoming/wyoming.gitlab.io.git
  HEAD branch: master
  Remote branches:
    dotnet10preview4 tracked
    master           tracked
  Local branch configured for 'git pull':
    master merges with remote master
  Local refs configured for 'git push':
    dotnet10preview4 pushes to dotnet10preview4 (fast-forwardable)
    master           pushes to master           (up to date)
2025-05-30 06:44:55
[dotnet10preview4 3d49f60] add all changes
 2 files changed, 19 insertions(+), 281 deletions(-)
2025-05-30 06:44:55
There is no tracking information for the current branch.
Please specify which branch you want to rebase against.
See git-pull(1) for details.

    git pull <remote> <branch>

If you wish to set tracking information for this branch you can do so with:

    git branch --set-upstream-to=origin/<branch> dotnet10preview4

2025-05-30 06:44:56
Everything up-to-date
Everything up-to-date
2025-05-30 06:44:58
PS C:\code\wyoming> cd "C:\Code\wyoming\src\dotnet10preview4\single"; pwd > "C:\code\wyoming\src\dotnet10preview4\single\powershell.txt"; ls >> "C:\code\wyoming\src\dotnet10preview4\single\powershell.txt"; cat app.cs >> "C:\code\wyoming\src\dotnet10preview4\single\powershell.txt"; dotnet --info >> "C:\code\wyoming\src\dotnet10preview4\single\powershell.txt"; Get-Date -Format "yyyy-MM-dd HH:mm:ss" >> "C:\code\wyoming\src\dotnet10preview4\single\powershell.txt"; dotnet run app.cs >> "C:\code\wyoming\src\dotnet10preview4\single\powershell.txt"; Get-Date -Format "yyyy-MM-dd HH:mm:ss" >> "C:\code\wyoming\src\dotnet10preview4\single\powershell.txt"; cd "C:\code\wyoming\"; git status; Get-Date -Format "yyyy-MM-dd HH:mm:ss"; git remote show origin; Get-Date -Format "yyyy-MM-dd HH:mm:ss"; git add .; git commit --message "add all changes" --message "this is a bad commit message, isn't it?"; Get-Date -Format "yyyy-MM-dd HH:mm:ss"; git pull --rebase --strategy-option=ours; Get-Date -Format "yyyy-MM-dd HH:mm:ss"; git push origin master; Get-Date -Format "yyyy-MM-dd HH:mm:ss";
On branch dotnet10preview4
Changes not staged for commit:
  (use "git add <file>..." to update what will be committed)
  (use "git restore <file>..." to discard changes in working directory)
        modified:   src/dotnet10preview4/single/powershell.txt

Untracked files:
  (use "git add <file>..." to include in what will be committed)
        src/dotnet10preview4/MyStastics/

no changes added to commit (use "git add" and/or "git commit -a")
2025-05-30 06:48:41
* remote origin
  Fetch URL: git@gitlab.com:wyoming/wyoming.gitlab.io.git
  Push  URL: git@github.com:onewyoming/onewyoming.git
  Push  URL: git@gitlab.com:wyoming/wyoming.gitlab.io.git
  HEAD branch: master
  Remote branches:
    dotnet10preview4 tracked
    master           tracked
  Local branch configured for 'git pull':
    master merges with remote master
  Local refs configured for 'git push':
    dotnet10preview4 pushes to dotnet10preview4 (fast-forwardable)
    master           pushes to master           (up to date)
2025-05-30 06:48:42
[dotnet10preview4 2e1676e] add all changes
 4 files changed, 183 insertions(+), 3 deletions(-)
 create mode 100644 src/dotnet10preview4/MyStastics/MyStastics.sln
 create mode 100644 src/dotnet10preview4/MyStastics/MyStatistics.Console/MyStatistics.Console.csproj
 create mode 100644 src/dotnet10preview4/MyStastics/MyStatistics.Console/Program.cs
2025-05-30 06:48:43
There is no tracking information for the current branch.
Please specify which branch you want to rebase against.
See git-pull(1) for details.

    git pull <remote> <branch>

If you wish to set tracking information for this branch you can do so with:

    git branch --set-upstream-to=origin/<branch> dotnet10preview4

2025-05-30 06:48:44
Everything up-to-date
Everything up-to-date
2025-05-30 06:48:46
PS C:\code\wyoming>
PS C:\code\wyoming> cd "C:\Code\wyoming\src\dotnet10preview4\single"; pwd > "C:\code\wyoming\src\dotnet10preview4\single\powershell.txt"; ls >> "C:\code\wyoming\src\dotnet10preview4\single\powershell.txt"; cat app.cs >> "C:\code\wyoming\src\dotnet10preview4\single\powershell.txt"; dotnet --info >> "C:\code\wyoming\src\dotnet10preview4\single\powershell.txt"; Get-Date -Format "yyyy-MM-dd HH:mm:ss" >> "C:\code\wyoming\src\dotnet10preview4\single\powershell.txt"; dotnet run app.cs >> "C:\code\wyoming\src\dotnet10preview4\single\powershell.txt"; Get-Date -Format "yyyy-MM-dd HH:mm:ss" >> "C:\code\wyoming\src\dotnet10preview4\single\powershell.txt"; cd "C:\code\wyoming\"; git status; Get-Date -Format "yyyy-MM-dd HH:mm:ss"; git remote show origin; Get-Date -Format "yyyy-MM-dd HH:mm:ss"; git add .; git commit --message "add all changes" --message "this is a bad commit message, isn't it?"; Get-Date -Format "yyyy-MM-dd HH:mm:ss"; git pull --rebase --strategy-option=ours; Get-Date -Format "yyyy-MM-dd HH:mm:ss"; git push origin master; Get-Date -Format "yyyy-MM-dd HH:mm:ss";
On branch dotnet10preview4
Changes not staged for commit:
  (use "git add/rm <file>..." to update what will be committed)
  (use "git restore <file>..." to discard changes in working directory)
        modified:   src/dotnet10preview4/MyStastics/MyStatistics.Console/MyStatistics.Console.csproj
        deleted:    src/dotnet10preview4/single/averagediskqueuelength.txt
        deleted:    src/dotnet10preview4/single/bytespersecond.txt
        deleted:    src/dotnet10preview4/single/percentdisktime.txt
        modified:   src/dotnet10preview4/single/powershell.txt

Untracked files:
  (use "git add <file>..." to include in what will be committed)
        src/dotnet10preview4/MyStastics/MyStatistics.Console/averagediskqueuelength.txt
        src/dotnet10preview4/MyStastics/MyStatistics.Console/bytespersecond.txt
        src/dotnet10preview4/MyStastics/MyStatistics.Console/percentdisktime.txt

no changes added to commit (use "git add" and/or "git commit -a")
2025-05-30 06:51:30
* remote origin
  Fetch URL: git@gitlab.com:wyoming/wyoming.gitlab.io.git
  Push  URL: git@github.com:onewyoming/onewyoming.git
  Push  URL: git@gitlab.com:wyoming/wyoming.gitlab.io.git
  HEAD branch: master
  Remote branches:
    dotnet10preview4 tracked
    master           tracked
  Local branch configured for 'git pull':
    master merges with remote master
  Local refs configured for 'git push':
    dotnet10preview4 pushes to dotnet10preview4 (fast-forwardable)
    master           pushes to master           (up to date)
2025-05-30 06:51:31
[dotnet10preview4 a8bba6b] add all changes
 5 files changed, 15 insertions(+), 6 deletions(-)
 rename src/dotnet10preview4/{single => MyStastics/MyStatistics.Console}/averagediskqueuelength.txt (100%)
 rename src/dotnet10preview4/{single => MyStastics/MyStatistics.Console}/bytespersecond.txt (100%)
 rename src/dotnet10preview4/{single => MyStastics/MyStatistics.Console}/percentdisktime.txt (100%)
2025-05-30 06:51:32
There is no tracking information for the current branch.
Please specify which branch you want to rebase against.
See git-pull(1) for details.

    git pull <remote> <branch>

If you wish to set tracking information for this branch you can do so with:

    git branch --set-upstream-to=origin/<branch> dotnet10preview4

2025-05-30 06:51:33
Everything up-to-date
Everything up-to-date
2025-05-30 06:51:35
PS C:\code\wyoming> git branch --set-upstream-to=origin/dotnet10preview4 dotnet10preview4
branch 'dotnet10preview4' set up to track 'origin/dotnet10preview4'.
PS C:\code\wyoming> cd "C:\Code\wyoming\src\dotnet10preview4\single"; pwd > "C:\code\wyoming\src\dotnet10preview4\single\powershell.txt"; ls >> "C:\code\wyoming\src\dotnet10preview4\single\powershell.txt"; cat app.cs >> "C:\code\wyoming\src\dotnet10preview4\single\powershell.txt"; dotnet --info >> "C:\code\wyoming\src\dotnet10preview4\single\powershell.txt"; Get-Date -Format "yyyy-MM-dd HH:mm:ss" >> "C:\code\wyoming\src\dotnet10preview4\single\powershell.txt"; dotnet run app.cs >> "C:\code\wyoming\src\dotnet10preview4\single\powershell.txt"; Get-Date -Format "yyyy-MM-dd HH:mm:ss" >> "C:\code\wyoming\src\dotnet10preview4\single\powershell.txt"; cd "C:\code\wyoming\"; git status; Get-Date -Format "yyyy-MM-dd HH:mm:ss"; git remote show origin; Get-Date -Format "yyyy-MM-dd HH:mm:ss"; git add .; git commit --message "add all changes" --message "this is a bad commit message, isn't it?"; Get-Date -Format "yyyy-MM-dd HH:mm:ss"; git pull --rebase --strategy-option=ours; Get-Date -Format "yyyy-MM-dd HH:mm:ss"; git push origin master; Get-Date -Format "yyyy-MM-dd HH:mm:ss";
On branch dotnet10preview4
Your branch is ahead of 'origin/dotnet10preview4' by 6 commits.
  (use "git push" to publish your local commits)

Changes not staged for commit:
  (use "git add <file>..." to update what will be committed)
  (use "git restore <file>..." to discard changes in working directory)
        modified:   src/dotnet10preview4/single/powershell.txt

no changes added to commit (use "git add" and/or "git commit -a")
2025-05-30 06:52:07
* remote origin
  Fetch URL: git@gitlab.com:wyoming/wyoming.gitlab.io.git
  Push  URL: git@github.com:onewyoming/onewyoming.git
  Push  URL: git@gitlab.com:wyoming/wyoming.gitlab.io.git
  HEAD branch: master
  Remote branches:
    dotnet10preview4 tracked
    master           tracked
  Local branches configured for 'git pull':
    dotnet10preview4 merges with remote dotnet10preview4
    master           merges with remote master
  Local refs configured for 'git push':
    dotnet10preview4 pushes to dotnet10preview4 (fast-forwardable)
    master           pushes to master           (up to date)
2025-05-30 06:52:08
[dotnet10preview4 4082c0d] add all changes
 1 file changed, 3 insertions(+), 3 deletions(-)
2025-05-30 06:52:08
Current branch dotnet10preview4 is up to date.
2025-05-30 06:52:09
Everything up-to-date
Everything up-to-date
2025-05-30 06:52:11
PS C:\code\wyoming> cd "C:\Code\wyoming\src\dotnet10preview4\single"; pwd > "C:\code\wyoming\src\dotnet10preview4\single\powershell.txt"; ls >> "C:\code\wyoming\src\dotnet10preview4\single\powershell.txt"; cat app.cs >> "C:\code\wyoming\src\dotnet10preview4\single\powershell.txt"; dotnet --info >> "C:\code\wyoming\src\dotnet10preview4\single\powershell.txt"; Get-Date -Format "yyyy-MM-dd HH:mm:ss" >> "C:\code\wyoming\src\dotnet10preview4\single\powershell.txt"; dotnet run app.cs >> "C:\code\wyoming\src\dotnet10preview4\single\powershell.txt"; Get-Date -Format "yyyy-MM-dd HH:mm:ss" >> "C:\code\wyoming\src\dotnet10preview4\single\powershell.txt"; cd "C:\code\wyoming\"; git status; Get-Date -Format "yyyy-MM-dd HH:mm:ss"; git remote show origin; Get-Date -Format "yyyy-MM-dd HH:mm:ss"; git add .; git commit --message "add all changes" --message "this is a bad commit message, isn't it?"; Get-Date -Format "yyyy-MM-dd HH:mm:ss"; git pull --rebase --strategy-option=ours; Get-Date -Format "yyyy-MM-dd HH:mm:ss"; git push origin master; Get-Date -Format "yyyy-MM-dd HH:mm:ss";
On branch dotnet10preview4
Your branch is ahead of 'origin/dotnet10preview4' by 7 commits.
  (use "git push" to publish your local commits)

Changes not staged for commit:
  (use "git add <file>..." to update what will be committed)
  (use "git restore <file>..." to discard changes in working directory)
        modified:   PowerShell.txt
        modified:   src/dotnet10preview4/single/powershell.txt

no changes added to commit (use "git add" and/or "git commit -a")
2025-05-30 06:52:25
* remote origin
  Fetch URL: git@gitlab.com:wyoming/wyoming.gitlab.io.git
  Push  URL: git@github.com:onewyoming/onewyoming.git
  Push  URL: git@gitlab.com:wyoming/wyoming.gitlab.io.git
  HEAD branch: master
  Remote branches:
    dotnet10preview4 tracked
    master           tracked
  Local branches configured for 'git pull':
    dotnet10preview4 merges with remote dotnet10preview4
    master           merges with remote master
  Local refs configured for 'git push':
    dotnet10preview4 pushes to dotnet10preview4 (fast-forwardable)
    master           pushes to master           (up to date)
2025-05-30 06:52:26
[dotnet10preview4 75ae4cc] add all changes
 2 files changed, 225 insertions(+), 2 deletions(-)
2025-05-30 06:52:26
Current branch dotnet10preview4 is up to date.
2025-05-30 06:52:28
Everything up-to-date
Everything up-to-date
2025-05-30 06:52:29
PS C:\code\wyoming>
PS C:\code\wyoming> C:\code\wyoming\src\dotnet10preview4\dotnet.ps1
On branch dotnet10preview4
Your branch is ahead of 'origin/dotnet10preview4' by 8 commits.
  (use "git push" to publish your local commits)

Changes not staged for commit:
  (use "git add <file>..." to update what will be committed)
  (use "git restore <file>..." to discard changes in working directory)
        modified:   src/dotnet10preview4/MyStastics/MyStatistics.Console/MyStatistics.Console.csproj
        modified:   src/dotnet10preview4/MyStastics/MyStatistics.Console/Program.cs
        modified:   src/dotnet10preview4/single/powershell.txt

Untracked files:
  (use "git add <file>..." to include in what will be committed)
        src/dotnet10preview4/MyStastics/powershell.txt
        src/dotnet10preview4/dotnet.ps1

no changes added to commit (use "git add" and/or "git commit -a")
2025-05-30 07:04:27
* remote origin
  Fetch URL: git@gitlab.com:wyoming/wyoming.gitlab.io.git
  Push  URL: git@github.com:onewyoming/onewyoming.git
  Push  URL: git@gitlab.com:wyoming/wyoming.gitlab.io.git
  HEAD branch: master
  Remote branches:
    dotnet10preview4 tracked
    master           tracked
  Local branches configured for 'git pull':
    dotnet10preview4 merges with remote dotnet10preview4
    master           merges with remote master
  Local refs configured for 'git push':
    dotnet10preview4 pushes to dotnet10preview4 (fast-forwardable)
    master           pushes to master           (up to date)
2025-05-30 07:04:28
warning: in the working copy of 'src/dotnet10preview4/MyStastics/powershell.txt', LF will be replaced by CRLF the next time Git touches it
[dotnet10preview4 c4c2acd] add all changes
 5 files changed, 193 insertions(+), 38 deletions(-)
 create mode 100644 src/dotnet10preview4/MyStastics/powershell.txt
 create mode 100644 src/dotnet10preview4/dotnet.ps1
2025-05-30 07:04:28
Current branch dotnet10preview4 is up to date.
2025-05-30 07:04:29
Enumerating objects: 80, done.
Counting objects: 100% (80/80), done.
Delta compression using up to 10 threads
Compressing objects: 100% (70/70), done.
Writing objects: 100% (74/74), 22.98 KiB | 547.00 KiB/s, done.
Total 74 (delta 37), reused 0 (delta 0), pack-reused 0 (from 0)
remote: Resolving deltas: 100% (37/37), completed with 2 local objects.
remote:
remote: GitHub found 7 vulnerabilities on onewyoming/onewyoming's default branch (2 critical, 5 moderate). To find out more, visit:
remote:      https://github.com/onewyoming/onewyoming/security/dependabot
remote:
To github.com:onewyoming/onewyoming.git
   5aae46e..c4c2acd  dotnet10preview4 -> dotnet10preview4
Enumerating objects: 80, done.
Counting objects: 100% (80/80), done.
Delta compression using up to 10 threads
Compressing objects: 100% (70/70), done.
Writing objects: 100% (74/74), 22.98 KiB | 470.00 KiB/s, done.
Total 74 (delta 37), reused 0 (delta 0), pack-reused 0 (from 0)
remote:
remote: To create a merge request for dotnet10preview4, visit:
remote:   https://gitlab.com/wyoming/wyoming.gitlab.io/-/merge_requests/new?merge_request%5Bsource_branch%5D=dotnet10preview4
remote:
To gitlab.com:wyoming/wyoming.gitlab.io.git
   5aae46e..c4c2acd  dotnet10preview4 -> dotnet10preview4
2025-05-30 07:04:33
PS C:\code\wyoming>
